// Jest Snapshot v1, https://goo.gl/fbAQLP

exports[`Rendering Home 1`] = `Screen {}`;
